[2024-03-24T22:26:52.163+0530][gc] Using G1
[2024-03-24T22:26:52.164+0530][gc,init] Version: 17.0.10+7-LTS (release)
[2024-03-24T22:26:52.164+0530][gc,init] CPUs: 8 total, 8 available
[2024-03-24T22:26:52.164+0530][gc,init] Memory: 16384M
[2024-03-24T22:26:52.164+0530][gc,init] Large Page Support: Disabled
[2024-03-24T22:26:52.164+0530][gc,init] NUMA Support: Disabled
[2024-03-24T22:26:52.164+0530][gc,init] Compressed Oops: Enabled (Zero based)
[2024-03-24T22:26:52.164+0530][gc,init] Heap Region Size: 1M
[2024-03-24T22:26:52.164+0530][gc,init] Heap Min Capacity: 1G
[2024-03-24T22:26:52.164+0530][gc,init] Heap Initial Capacity: 1G
[2024-03-24T22:26:52.164+0530][gc,init] Heap Max Capacity: 1G
[2024-03-24T22:26:52.164+0530][gc,init] Pre-touch: Disabled
[2024-03-24T22:26:52.164+0530][gc,init] Parallel Workers: 8
[2024-03-24T22:26:52.164+0530][gc,init] Concurrent Workers: 2
[2024-03-24T22:26:52.164+0530][gc,init] Concurrent Refinement Workers: 8
[2024-03-24T22:26:52.164+0530][gc,init] Periodic GC: Disabled
[2024-03-24T22:26:52.167+0530][gc,metaspace] CDS archive(s) mapped at: [0x000000d000000000-0x000000d000bc0000-0x000000d000bc0000), size 12320768, SharedBaseAddress: 0x000000d000000000, ArchiveRelocationMode: 1.
[2024-03-24T22:26:52.167+0530][gc,metaspace] Compressed class space mapped at: 0x000000d001000000-0x000000d041000000, reserved size: 1073741824
[2024-03-24T22:26:52.167+0530][gc,metaspace] Narrow klass base: 0x000000d000000000, Narrow klass shift: 0, Narrow klass range: 0x100000000
[2024-03-24T22:26:52.852+0530][gc,start    ] GC(0) Pause Young (Normal) (G1 Evacuation Pause)
[2024-03-24T22:26:52.853+0530][gc,task     ] GC(0) Using 8 workers of 8 for evacuation
[2024-03-24T22:26:52.855+0530][gc,phases   ] GC(0)   Pre Evacuate Collection Set: 0.2ms
[2024-03-24T22:26:52.855+0530][gc,phases   ] GC(0)   Merge Heap Roots: 0.0ms
[2024-03-24T22:26:52.855+0530][gc,phases   ] GC(0)   Evacuate Collection Set: 2.1ms
[2024-03-24T22:26:52.855+0530][gc,phases   ] GC(0)   Post Evacuate Collection Set: 0.2ms
[2024-03-24T22:26:52.855+0530][gc,phases   ] GC(0)   Other: 0.2ms
[2024-03-24T22:26:52.855+0530][gc,heap     ] GC(0) Eden regions: 51->0(44)
[2024-03-24T22:26:52.855+0530][gc,heap     ] GC(0) Survivor regions: 0->7(7)
[2024-03-24T22:26:52.855+0530][gc,heap     ] GC(0) Old regions: 0->1
[2024-03-24T22:26:52.855+0530][gc,heap     ] GC(0) Archive regions: 2->2
[2024-03-24T22:26:52.855+0530][gc,heap     ] GC(0) Humongous regions: 0->0
[2024-03-24T22:26:52.855+0530][gc,metaspace] GC(0) Metaspace: 18231K(18368K)->18231K(18368K) NonClass: 16050K(16128K)->16050K(16128K) Class: 2181K(2240K)->2181K(2240K)
[2024-03-24T22:26:52.855+0530][gc          ] GC(0) Pause Young (Normal) (G1 Evacuation Pause) 51M->8M(1024M) 2.758ms
[2024-03-24T22:26:52.855+0530][gc,cpu      ] GC(0) User=0.02s Sys=0.01s Real=0.00s
[2024-03-24T22:26:53.016+0530][gc,start    ] GC(1) Pause Young (Concurrent Start) (Metadata GC Threshold)
[2024-03-24T22:26:53.016+0530][gc,task     ] GC(1) Using 8 workers of 8 for evacuation
[2024-03-24T22:26:53.020+0530][gc,phases   ] GC(1)   Pre Evacuate Collection Set: 0.1ms
[2024-03-24T22:26:53.020+0530][gc,phases   ] GC(1)   Merge Heap Roots: 0.0ms
[2024-03-24T22:26:53.020+0530][gc,phases   ] GC(1)   Evacuate Collection Set: 3.2ms
[2024-03-24T22:26:53.020+0530][gc,phases   ] GC(1)   Post Evacuate Collection Set: 0.2ms
[2024-03-24T22:26:53.020+0530][gc,phases   ] GC(1)   Other: 0.1ms
[2024-03-24T22:26:53.020+0530][gc,heap     ] GC(1) Eden regions: 14->0(49)
[2024-03-24T22:26:53.020+0530][gc,heap     ] GC(1) Survivor regions: 7->2(7)
[2024-03-24T22:26:53.020+0530][gc,heap     ] GC(1) Old regions: 1->8
[2024-03-24T22:26:53.020+0530][gc,heap     ] GC(1) Archive regions: 2->2
[2024-03-24T22:26:53.020+0530][gc,heap     ] GC(1) Humongous regions: 129->129
[2024-03-24T22:26:53.020+0530][gc,metaspace] GC(1) Metaspace: 21321K(21504K)->21321K(21504K) NonClass: 18737K(18816K)->18737K(18816K) Class: 2583K(2688K)->2583K(2688K)
[2024-03-24T22:26:53.020+0530][gc          ] GC(1) Pause Young (Concurrent Start) (Metadata GC Threshold) 150M->139M(1024M) 3.805ms
[2024-03-24T22:26:53.020+0530][gc,cpu      ] GC(1) User=0.01s Sys=0.01s Real=0.01s
[2024-03-24T22:26:53.020+0530][gc          ] GC(2) Concurrent Mark Cycle
[2024-03-24T22:26:53.020+0530][gc,marking  ] GC(2) Concurrent Clear Claimed Marks
[2024-03-24T22:26:53.020+0530][gc,marking  ] GC(2) Concurrent Clear Claimed Marks 0.012ms
[2024-03-24T22:26:53.020+0530][gc,marking  ] GC(2) Concurrent Scan Root Regions
[2024-03-24T22:26:53.022+0530][gc,marking  ] GC(2) Concurrent Scan Root Regions 1.761ms
[2024-03-24T22:26:53.022+0530][gc,marking  ] GC(2) Concurrent Mark
[2024-03-24T22:26:53.022+0530][gc,marking  ] GC(2) Concurrent Mark From Roots
[2024-03-24T22:26:53.022+0530][gc,task     ] GC(2) Using 2 workers of 2 for marking
[2024-03-24T22:26:53.023+0530][gc,marking  ] GC(2) Concurrent Mark From Roots 1.306ms
[2024-03-24T22:26:53.023+0530][gc,marking  ] GC(2) Concurrent Preclean
[2024-03-24T22:26:53.023+0530][gc,marking  ] GC(2) Concurrent Preclean 0.014ms
[2024-03-24T22:26:53.023+0530][gc,start    ] GC(2) Pause Remark
[2024-03-24T22:26:53.024+0530][gc          ] GC(2) Pause Remark 140M->140M(1024M) 0.913ms
[2024-03-24T22:26:53.024+0530][gc,cpu      ] GC(2) User=0.00s Sys=0.00s Real=0.00s
[2024-03-24T22:26:53.024+0530][gc,marking  ] GC(2) Concurrent Mark 2.391ms
[2024-03-24T22:26:53.024+0530][gc,marking  ] GC(2) Concurrent Rebuild Remembered Sets
[2024-03-24T22:26:53.026+0530][gc,marking  ] GC(2) Concurrent Rebuild Remembered Sets 1.318ms
[2024-03-24T22:26:53.026+0530][gc,start    ] GC(2) Pause Cleanup
[2024-03-24T22:26:53.026+0530][gc          ] GC(2) Pause Cleanup 140M->140M(1024M) 0.082ms
[2024-03-24T22:26:53.026+0530][gc,cpu      ] GC(2) User=0.00s Sys=0.00s Real=0.00s
[2024-03-24T22:26:53.026+0530][gc,marking  ] GC(2) Concurrent Cleanup for Next Mark
[2024-03-24T22:26:53.027+0530][gc,marking  ] GC(2) Concurrent Cleanup for Next Mark 1.345ms
[2024-03-24T22:26:53.027+0530][gc          ] GC(2) Concurrent Mark Cycle 7.067ms
[2024-03-24T22:26:53.302+0530][gc,start    ] GC(3) Pause Young (Normal) (G1 Evacuation Pause)
[2024-03-24T22:26:53.302+0530][gc,task     ] GC(3) Using 8 workers of 8 for evacuation
[2024-03-24T22:26:53.304+0530][gc,phases   ] GC(3)   Pre Evacuate Collection Set: 0.1ms
[2024-03-24T22:26:53.304+0530][gc,phases   ] GC(3)   Merge Heap Roots: 0.0ms
[2024-03-24T22:26:53.304+0530][gc,phases   ] GC(3)   Evacuate Collection Set: 1.8ms
[2024-03-24T22:26:53.304+0530][gc,phases   ] GC(3)   Post Evacuate Collection Set: 0.2ms
[2024-03-24T22:26:53.304+0530][gc,phases   ] GC(3)   Other: 0.1ms
[2024-03-24T22:26:53.304+0530][gc,heap     ] GC(3) Eden regions: 49->0(44)
[2024-03-24T22:26:53.304+0530][gc,heap     ] GC(3) Survivor regions: 2->7(7)
[2024-03-24T22:26:53.305+0530][gc,heap     ] GC(3) Old regions: 8->8
[2024-03-24T22:26:53.305+0530][gc,heap     ] GC(3) Archive regions: 2->2
[2024-03-24T22:26:53.305+0530][gc,heap     ] GC(3) Humongous regions: 129->129
[2024-03-24T22:26:53.305+0530][gc,metaspace] GC(3) Metaspace: 32780K(33024K)->32780K(33024K) NonClass: 29144K(29312K)->29144K(29312K) Class: 3635K(3712K)->3635K(3712K)
[2024-03-24T22:26:53.305+0530][gc          ] GC(3) Pause Young (Normal) (G1 Evacuation Pause) 188M->143M(1024M) 2.267ms
[2024-03-24T22:26:53.305+0530][gc,cpu      ] GC(3) User=0.02s Sys=0.01s Real=0.00s
[2024-03-24T22:27:12.457+0530][gc,start    ] GC(4) Pause Young (Concurrent Start) (Metadata GC Threshold)
[2024-03-24T22:27:12.459+0530][gc,task     ] GC(4) Using 8 workers of 8 for evacuation
[2024-03-24T22:27:12.462+0530][gc,phases   ] GC(4)   Pre Evacuate Collection Set: 0.1ms
[2024-03-24T22:27:12.462+0530][gc,phases   ] GC(4)   Merge Heap Roots: 0.0ms
[2024-03-24T22:27:12.462+0530][gc,phases   ] GC(4)   Evacuate Collection Set: 2.7ms
[2024-03-24T22:27:12.462+0530][gc,phases   ] GC(4)   Post Evacuate Collection Set: 0.3ms
[2024-03-24T22:27:12.462+0530][gc,phases   ] GC(4)   Other: 1.9ms
[2024-03-24T22:27:12.462+0530][gc,heap     ] GC(4) Eden regions: 16->0(49)
[2024-03-24T22:27:12.462+0530][gc,heap     ] GC(4) Survivor regions: 7->2(7)
[2024-03-24T22:27:12.462+0530][gc,heap     ] GC(4) Old regions: 8->14
[2024-03-24T22:27:12.462+0530][gc,heap     ] GC(4) Archive regions: 2->2
[2024-03-24T22:27:12.462+0530][gc,heap     ] GC(4) Humongous regions: 129->129
[2024-03-24T22:27:12.462+0530][gc,metaspace] GC(4) Metaspace: 35827K(36160K)->35827K(36160K) NonClass: 31667K(31872K)->31667K(31872K) Class: 4160K(4288K)->4160K(4288K)
[2024-03-24T22:27:12.462+0530][gc          ] GC(4) Pause Young (Concurrent Start) (Metadata GC Threshold) 159M->145M(1024M) 5.141ms
[2024-03-24T22:27:12.462+0530][gc,cpu      ] GC(4) User=0.02s Sys=0.00s Real=0.01s
[2024-03-24T22:27:12.462+0530][gc          ] GC(5) Concurrent Mark Cycle
[2024-03-24T22:27:12.462+0530][gc,marking  ] GC(5) Concurrent Clear Claimed Marks
[2024-03-24T22:27:12.462+0530][gc,marking  ] GC(5) Concurrent Clear Claimed Marks 0.022ms
[2024-03-24T22:27:12.462+0530][gc,marking  ] GC(5) Concurrent Scan Root Regions
[2024-03-24T22:27:12.464+0530][gc,marking  ] GC(5) Concurrent Scan Root Regions 2.119ms
[2024-03-24T22:27:12.464+0530][gc,marking  ] GC(5) Concurrent Mark
[2024-03-24T22:27:12.464+0530][gc,marking  ] GC(5) Concurrent Mark From Roots
[2024-03-24T22:27:12.464+0530][gc,task     ] GC(5) Using 2 workers of 2 for marking
[2024-03-24T22:27:12.468+0530][gc,marking  ] GC(5) Concurrent Mark From Roots 3.234ms
[2024-03-24T22:27:12.468+0530][gc,marking  ] GC(5) Concurrent Preclean
[2024-03-24T22:27:12.468+0530][gc,marking  ] GC(5) Concurrent Preclean 0.037ms
[2024-03-24T22:27:12.468+0530][gc,start    ] GC(5) Pause Remark
[2024-03-24T22:27:12.469+0530][gc          ] GC(5) Pause Remark 146M->146M(1024M) 0.841ms
[2024-03-24T22:27:12.469+0530][gc,cpu      ] GC(5) User=0.00s Sys=0.00s Real=0.00s
[2024-03-24T22:27:12.469+0530][gc,marking  ] GC(5) Concurrent Mark 4.302ms
[2024-03-24T22:27:12.469+0530][gc,marking  ] GC(5) Concurrent Rebuild Remembered Sets
[2024-03-24T22:27:12.473+0530][gc,marking  ] GC(5) Concurrent Rebuild Remembered Sets 4.075ms
[2024-03-24T22:27:12.473+0530][gc,start    ] GC(5) Pause Cleanup
[2024-03-24T22:27:12.473+0530][gc          ] GC(5) Pause Cleanup 146M->146M(1024M) 0.087ms
[2024-03-24T22:27:12.473+0530][gc,cpu      ] GC(5) User=0.00s Sys=0.00s Real=0.00s
[2024-03-24T22:27:12.473+0530][gc,marking  ] GC(5) Concurrent Cleanup for Next Mark
[2024-03-24T22:27:12.474+0530][gc,marking  ] GC(5) Concurrent Cleanup for Next Mark 1.123ms
[2024-03-24T22:27:12.474+0530][gc          ] GC(5) Concurrent Mark Cycle 11.877ms
[2024-03-24T22:30:15.181+0530][gc,heap,exit] Heap
[2024-03-24T22:30:15.181+0530][gc,heap,exit]  garbage-first heap   total 1048576K, used 174518K [0x00000007c0000000, 0x0000000800000000)
[2024-03-24T22:30:15.181+0530][gc,heap,exit]   region size 1024K, 28 young (28672K), 2 survivors (2048K)
[2024-03-24T22:30:15.181+0530][gc,heap,exit]  Metaspace       used 39285K, committed 39680K, reserved 1114112K
[2024-03-24T22:30:15.181+0530][gc,heap,exit]   class space    used 4785K, committed 4928K, reserved 1048576K
